src/services/forumService.ts(109,41): error TS2339: Property 'joinForum' does not exist on type '{ getTopics: () => Promise<{ success: boolean; data: { topics: ForumCategory[]; total: number; page: number; totalPages: number; }; }>; getTopic: (topicId: string, page?: number) => Promise<...>; createTopic: (data: { ...; }) => Promise<...>; createPost: (data: { ...; }) => Promise<...>; report: (data: { ...; }) => ...'.
src/services/forumService.ts(119,24): error TS2339: Property 'leaveForum' does not exist on type '{ getTopics: () => Promise<{ success: boolean; data: { topics: ForumCategory[]; total: number; page: number; totalPages: number; }; }>; getTopic: (topicId: string, page?: number) => Promise<...>; createTopic: (data: { ...; }) => Promise<...>; createPost: (data: { ...; }) => Promise<...>; report: (data: { ...; }) => ...'.
src/services/forumService.ts(128,41): error TS2339: Property 'getMembers' does not exist on type '{ getTopics: () => Promise<{ success: boolean; data: { topics: ForumCategory[]; total: number; page: number; totalPages: number; }; }>; getTopic: (topicId: string, page?: number) => Promise<...>; createTopic: (data: { ...; }) => Promise<...>; createPost: (data: { ...; }) => Promise<...>; report: (data: { ...; }) => ...'.
