Testing Weather API Endpoint (http://localhost:3000/api/weather/current)...

Γ£à Endpoint Success!
Status: 200
Data: {
  "success": true,
  "data": {
    "current": {
      "temp": 8.2,
      "humidity": 99,
      "pressure": 1018.7,
      "wind_speed": 5.5,
      "wind_deg": 281,
      "weather": [
        {
          "main": "Fog",
          "description": "Fog",
          "icon": "50d"
        }
      ]
    }
  }
}
